// Jest Snapshot v1, https://goo.gl/fbAQLP

exports[`Cryptos should render the Cryptos component 1`] = `[Function]`;
