// Jest Snapshot v1, https://goo.gl/fbAQLP

exports[`Details should render the Details component 1`] = `[Function]`;
