// Jest Snapshot v1, https://goo.gl/fbAQLP

exports[`Nav should render the Nav component 1`] = `[Function]`;
